// Vitest Snapshot v1, https://vitest.dev/guide/snapshot.html

exports[`RelativePathsJsonReport > should output correct json 1`] = `
{
  "bcoe/istanbul-lib-instrument/src/index.js": {
    "b": {
      "0": [
        1,
        0,
      ],
    },
    "branchMap": {
      "0": {
        "line": 4,
        "loc": {
          "end": {
            "column": 5,
            "line": 6,
          },
          "start": {
            "column": 4,
            "line": 4,
          },
        },
        "locations": [
          {
            "end": {
              "column": 5,
              "line": 6,
            },
            "start": {
              "column": 4,
              "line": 4,
            },
          },
        ],
        "type": "if",
      },
    },
    "f": {
      "0": 1,
    },
    "fnMap": {
      "0": {
        "decl": {
          "end": {
            "column": 17,
            "line": 1,
          },
          "start": {
            "column": 16,
            "line": 1,
          },
        },
        "line": 1,
        "loc": {
          "end": {
            "column": 1,
            "line": 9,
          },
          "start": {
            "column": 28,
            "line": 1,
          },
        },
        "name": "(anonymous_0)",
      },
    },
    "hash": "edc1f904dd2d4c7214941451a07aabfc0aee6ec0",
    "path": "bcoe/istanbul-lib-instrument/src/index.js",
    "s": {
      "0": 1,
      "1": 1,
      "2": 1,
      "3": 1,
      "4": 1,
    },
    "statementMap": {
      "0": {
        "end": {
          "column": 2,
          "line": 9,
        },
        "start": {
          "column": 0,
          "line": 1,
        },
      },
      "1": {
        "end": {
          "column": 11,
          "line": 2,
        },
        "start": {
          "column": 10,
          "line": 2,
        },
      },
      "2": {
        "end": {
          "column": 5,
          "line": 6,
        },
        "start": {
          "column": 4,
          "line": 4,
        },
      },
      "3": {
        "end": {
          "column": 12,
          "line": 5,
        },
        "start": {
          "column": 6,
          "line": 5,
        },
      },
      "4": {
        "end": {
          "column": 13,
          "line": 8,
        },
        "start": {
          "column": 4,
          "line": 8,
        },
      },
    },
  },
}
`;
